INFO     pikepdf._core:__init__.py:13 pikepdf C++ to Python logger bridge initialized
